../Core/Src/main.c:46:5:main	32	static
../Core/Src/main.c:82:6:lcd_write_nibble	32	static
../Core/Src/main.c:93:6:lcd_send_cmd	24	static
../Core/Src/main.c:106:6:lcd_send_data	24	static
../Core/Src/main.c:116:6:lcd_init	8	static
../Core/Src/main.c:132:6:lcd_write_string	16	static
../Core/Src/main.c:138:6:lcd_set_cursor	24	static
../Core/Src/main.c:154:6:lcd_clear	8	static
../Core/Src/main.c:159:6:lcd_backlight	16	static
../Core/Src/main.c:172:6:SystemClock_Config	88	static
../Core/Src/main.c:226:13:MX_I2C1_Init	8	static
../Core/Src/main.c:249:13:MX_USART2_UART_Init	8	static
../Core/Src/main.c:271:13:MX_GPIO_Init	48	static
../Core/Src/main.c:303:6:Error_Handler	4	static,ignoring_inline_asm
